src/components/sections/Step2BusinessOverview.tsx(51,51): error TS2322: Type '{ label: string; name: string; value: string; onChange: (v: string) => void; options: string[]; placeholder: string; optional: true; }' is not assignable to type 'IntrinsicAttributes & SelectDropdownProps'.
  Property 'optional' does not exist on type 'IntrinsicAttributes & SelectDropdownProps'. Did you mean 'options'?
src/components/sections/Step6DesignPreferences.tsx(1,1): error TS6133: 'useState' is declared but its value is never read.
src/components/sections/Step6DesignPreferences.tsx(23,34): error TS6133: 'updateSection' is declared but its value is never read.
src/components/wizard/FeatureChecklist.tsx(13,36): error TS6133: 'id' is declared but its value is never read.
src/components/wizard/RangeSlider.tsx(78,37): error TS6133: 'i' is declared but its value is never read.
src/components/wizard/SegmentedControl.tsx(13,9): error TS6133: 'selectedIndex' is declared but its value is never read.
src/pages/WizardPage.tsx(66,11): error TS2322: Type 'number[]' is not assignable to type 'TweenValue | undefined'.
